// Jest Snapshot v1, https://goo.gl/fbAQLP

exports[`NewRecordButton displays correct 1`] = `
<a
  className="btn mob-block mob-text-center"
  href="javascript:void(0);"
  onClick={[Function]}
>
  New
</a>
`;
