// Jest Snapshot v1, https://goo.gl/fbAQLP

exports[`TelephoneInput displays correct 1`] = `
<div
  className="text-input"
>
  <label
    className="text-label"
  >
    Label
  </label>
  <input
    className="form-input"
    onChange={[Function]}
    type="text"
    value="abc"
  />
</div>
`;
